nohup: ignoring input
Using device: cuda
🧐 Scanning 13598 files (MaxLen=600, AllowPseudoknot=False)...

==================================================
📊 Loading Report (MaxLen=600)
✅ Total kept: 4976
❌ Too long: 8078
❌ Length mismatch: 0
❌ Too many Ns: 0
❌ Invalid bases: 49
❌ Pseudoknot filtered: 495
❌ Parse errors: 0
ℹ️  .dbn files with .st format: 13598
==================================================

Found 326 clusters
Mapped to 259 non-empty clusters
Note: 8622 sequences were skipped (e.g., filtered out)
Epoch [1/30] Step [0] Loss: 1.3946
Epoch [1/30] Step [50] Loss: 1.8877
Epoch [1/30] Step [100] Loss: 1.2037
Epoch [1/30] Step [150] Loss: 1.6294
Epoch [1/30] Step [200] Loss: 0.9022
Epoch [1/30] Step [250] Loss: 1.6191
Epoch [1/30] Step [300] Loss: 1.0877
Epoch [1/30] Step [350] Loss: 0.9221
Epoch [1/30] Step [400] Loss: 1.2714
Epoch [1/30] Step [450] Loss: 1.0579
Epoch [1/30] Step [500] Loss: 0.8381
Epoch [1/30] Step [550] Loss: 0.8559
=== Epoch 1 | Train Loss: 1.1842 | Val F1: 0.0000 ===
Epoch [2/30] Step [0] Loss: 0.6133
Epoch [2/30] Step [50] Loss: 0.6728
Epoch [2/30] Step [100] Loss: 0.5972
Epoch [2/30] Step [150] Loss: 0.5674
Epoch [2/30] Step [200] Loss: 0.5395
Epoch [2/30] Step [250] Loss: 0.8036
Epoch [2/30] Step [300] Loss: 0.3929
Epoch [2/30] Step [350] Loss: 0.4652
Epoch [2/30] Step [400] Loss: 0.3803
Epoch [2/30] Step [450] Loss: 0.4086
Epoch [2/30] Step [500] Loss: 0.4528
Epoch [2/30] Step [550] Loss: 0.4505
=== Epoch 2 | Train Loss: 0.4915 | Val F1: 0.0000 ===
Epoch [3/30] Step [0] Loss: 0.3721
Epoch [3/30] Step [50] Loss: 0.3939
Epoch [3/30] Step [100] Loss: 0.3018
Epoch [3/30] Step [150] Loss: 0.2706
Epoch [3/30] Step [200] Loss: 0.3243
Epoch [3/30] Step [250] Loss: 0.3297
Epoch [3/30] Step [300] Loss: 0.2727
